Microchip MPLAB XC8 Compiler V2.40

Linker command line:

-W-3 \
  --edf=C:\Program Files\Microchip\xc8\v2.40\pic\dat\20220703182018_en.msgs \
  -cn -h+dist/default/debug\Final_Project_UART.X.debug.sym \
  --cmf=dist/default/debug\Final_Project_UART.X.debug.cmf -z -Q18F4520 \
  -oC:\Users\user\AppData\Local\Temp\xcAsa4k.4 --defsym=__MPLAB_BUILD=1 \
  --fixupoverflow=error -Mdist/default/debug/Final_Project_UART.X.debug.map \
  --md=C:\Users\user\AppData\Local\Temp\xcAsa4k.dat -E1 -ver=XC8 Compiler \
  --acfsm=1493 -ACODE=00h-07DBFh -ACONST=00h-07DBFh \
  -ASMALLCONST=0600h-06FFhx119,07D00h-07DBFh -AMEDIUMCONST=0600h-07DBFh \
  -ACOMRAM=01h-07Fh -AABS1=00h-05F3h -ABIGRAM=01h-05F3h \
  -ARAM=080h-0FFh,0100h-01FFhx4,0500h-05F3h -ABANK0=080h-0FFh \
  -ABANK1=0100h-01FFh -ABANK2=0200h-02FFh -ABANK3=0300h-03FFh \
  -ABANK4=0400h-04FFh -ABANK5=0500h-05F3h \
  -ASFR=0F80h-0F9Bh,0F9Dh-0FD3h,0FD5h-0FDAh,0FE0h-0FE2h,0FE8h-0FEAh,0FF0h-0FFCh \
  -ABIGSFR=0F80h-0F9Bh,0F9Dh-0FD3h,0FD5h-0FDAh,0FE0h-0FE2h,0FE8h-0FEAh,0FF0h-0FFCh \
  -ACONFIG=0300000h-030000Dh -AIDLOC=0200000h-0200007h \
  -AEEDATA=0F00000h-0F000FFh -peeprom_data=EEDATA \
  -preset_vec=00h,intcode=08h,intcodelo=018h,powerup,init -pramtop=0600h \
  -psmallconst=SMALLCONST -pmediumconst=MEDIUMCONST -pconst=CONST \
  -AFARRAM=00h-00h \
  -prdata=COMRAM,nvrram=COMRAM,nvbit=COMRAM,rbss=COMRAM,rbit=COMRAM \
  -pfarbss=FARRAM,fardata=FARRAM,nvFARRAM=FARRAM \
  -pintsave_regs=BIGRAM,bigbss=BIGRAM,bigdata=BIGRAM -pbss=RAM \
  -pidata=CODE,irdata=CODE,ibigdata=CODE,ifardata=CODE -prparam=COMRAM \
  C:\Users\user\AppData\Local\Temp\xcAsa4k.o \
  dist/default/debug\Final_Project_UART.X.debug.o 

Object code version is 3.11

Machine type is 18F4520



                Name                               Link     Load   Length Selector   Space Scale
C:\Users\user\AppData\Local\Temp\xcAsa4k.o
                idloc                            200000   200000        8        0       5
                config                           300000   300000        E        0       4
                init                                 6C       6C        4        C       0
                reset_vec                             0        0        4        0       0
dist/default/debug\Final_Project_UART.X.debug.o
                intcodelo                            18       18       54        C       0
                intcode                               8        8        6        4       0
                idloc                            200000   200000        8        0       5
                config                           300000   300000        E        0       4
                temp                                 50       50        1        1       1
                smallconst                          600      600       16      300       0
                text16                              AA4      AA4       16      30B       0
                text15                              8E4      8E4       56      30B       0
                text14                              93A      93A       4A      30B       0
                intcode_body                        616      616      150      30B       0
                text12                              A8E      A8E       16      30B       0
                text11                              766      766       B0      30B       0
                text10                              816      816       68      30B       0
                text8                               984      984       42      30B       0
                text7                               A04      A04       3C      30B       0
                text6                               A78      A78       16      30B       0
                text5                               ABA      ABA        C      30B       0
                text4                               ACE      ACE        8      30B       0
                text3                               AC6      AC6        8      30B       0
                text2                               A40      A40       22      30B       0
                text1                               A62      A62       16      30B       0
                text0                               87E      87E       66      30B       0
                cstackCOMRAM                         2B       2B       21        1       1
                dataCOMRAM                           4C       4C        4        1       1
                bssCOMRAM                             1        1       2A        1       1
                cinit                               9C6      9C6       3E      30B       0
                idataCOMRAM                         AD6      AD6        4      30B       0

TOTAL           Name                               Link     Load   Length     Space
        CLASS   CODE           
                intcodelo                            18       18       54         0
                intcode                               8        8        6         0
                init                                 6C       6C        4         0
                reset_vec                             0        0        4         0
                text16                              AA4      AA4       16         0
                text15                              8E4      8E4       56         0
                text14                              93A      93A       4A         0
                intcode_body                        616      616      150         0
                text12                              A8E      A8E       16         0
                text11                              766      766       B0         0
                text10                              816      816       68         0
                text8                               984      984       42         0
                text7                               A04      A04       3C         0
                text6                               A78      A78       16         0
                text5                               ABA      ABA        C         0
                text4                               ACE      ACE        8         0
                text3                               AC6      AC6        8         0
                text2                               A40      A40       22         0
                text1                               A62      A62       16         0
                text0                               87E      87E       66         0
                cinit                               9C6      9C6       3E         0
                idataCOMRAM                         AD6      AD6        4         0

        CLASS   CONST          

        CLASS   SMALLCONST     
                smallconst                          600      600       16         0

        CLASS   MEDIUMCONST    

        CLASS   COMRAM         
                temp                                 50       50        1         1
                cstackCOMRAM                         2B       2B       21         1
                dataCOMRAM                           4C       4C        4         1
                bssCOMRAM                             1        1       2A         1

        CLASS   ABS1           

        CLASS   BIGRAM         

        CLASS   RAM            

        CLASS   BANK0          

        CLASS   BANK1          

        CLASS   BANK2          

        CLASS   BANK3          

        CLASS   BANK4          

        CLASS   BANK5          

        CLASS   SFR            

        CLASS   BIGSFR         

        CLASS   CONFIG         
                config                           300000   300000        E         4

        CLASS   IDLOC          
                idloc                            200000   200000        8         5

        CLASS   EEDATA         

        CLASS   FARRAM         

        CLASS   HEAP           

        CLASS   STACK          



SEGMENTS        Name                           Load    Length   Top    Selector   Space  Class

                reset_vec                      000000  000004  000004         0       0  CODE    
                bssCOMRAM                      000001  000050  000051         1       1  COMRAM  
                intcode                        000008  000006  00000E         4       0  CODE    
                intcodelo                      000018  000058  000070         C       0  CODE    
                smallconst                     000600  000016  000616       300       0  SMALLCON
                intcode_body                   000616  0004C4  000ADA       30B       0  CODE    


UNUSED ADDRESS RANGES

        Name                Unused          Largest block    Delta
        BANK0            000080-0000FF               80
        BANK1            000100-0001FF              100
        BANK2            000200-0002FF              100
        BANK3            000300-0003FF              100
        BANK4            000400-0004FF              100
        BANK5            000500-0005F3               F4
        BIGRAM           000051-0005F3              5A3
        BIGSFR           000F80-000F9B               1C
                         000F9D-000FD3               37
                         000FD5-000FDA                6
                         000FE0-000FE2                3
                         000FE8-000FEA                3
                         000FF0-000FFC                D
        CODE             000004-000007                4
                         00000E-000017                A
                         000070-0005FF              590
                         000ADA-007DBF             72E6
        COMRAM           000051-00007F               2F
        CONST            000004-000007                4
                         00000E-000017                A
                         000070-0005FF              590
                         000ADA-007DBF             72E6
        EEDATA           F00000-F000FF              100
        MEDIUMCONST      000ADA-007DBF             72E6
        RAM              000080-0005F3              100
        SFR              000F80-000F9B               1C
                         000F9D-000FD3               37
                         000FD5-000FDA                6
                         000FE0-000FE2                3
                         000FE8-000FEA                3
                         000FF0-000FFC                D
        SMALLCONST       000ADA-007DBF              100

                                  Symbol Table

?___awmod                      cstackCOMRAM 00003C
ClearBuffer@i                  cstackCOMRAM 000048
Hi_ISR@i                       cstackCOMRAM 000038
Hi_ISR@i_1009                  cstackCOMRAM 00003A
UART_Write@data                cstackCOMRAM 00003C
UART_Write_Text@i              cstackCOMRAM 000030
UART_Write_Text@text           cstackCOMRAM 00002C
_ADCON0bits                    (abs)        000FC2
_ADCON1                        (abs)        000FC1
_ADCON1bits                    (abs)        000FC1
_ADCON2bits                    (abs)        000FC0
_ADC_Initialize                text6        000A78
_ADFM                          (abs)        007E07
_ADRESH                        (abs)        000FC4
_ADRESL                        (abs)        000FC3
_BAUDCONbits                   (abs)        000FB8
_CCP1CON                       (abs)        000FBD
_CCP1CONbits                   (abs)        000FBD
_CCP1_Initialize               text5        000ABA
_CCPR1L                        (abs)        000FBE
_CREN                          (abs)        007D5C
_ClearBuffer                   text8        000984
_Hi_ISR                        intcode      000008
_INTCON2bits                   (abs)        000FF1
_INTCONbits                    (abs)        000FF2
_INTERRUPT_Initialize          text4        000ACE
_IPR1bits                      (abs)        000F9F
_IRCF0                         (abs)        007E9C
_IRCF1                         (abs)        007E9D
_IRCF2                         (abs)        007E9E
_LATB                          (abs)        000F8A
_LATBbits                      (abs)        000F8A
_LATC                          (abs)        000F8B
_Lo_ISR                        intcodelo    000018
_MyusartRead                   text10       000816
_OSCCONbits                    (abs)        000FD3
_OSCILLATOR_Initialize         text3        000AC6
_PIE1bits                      (abs)        000F9D
_PIR1bits                      (abs)        000F9E
_PORTBbits                     (abs)        000F81
_PORTDbits                     (abs)        000F83
_PR2                           (abs)        000FCB
_PWM_initialize                text7        000A04
_RCIF                          (abs)        007CF5
_RCONbits                      (abs)        000FD0
_RCREG                         (abs)        000FAE
_RCSTAbits                     (abs)        000FAB
_SPBRG                         (abs)        000FAF
_SYSTEM_Initialize             text1        000A62
_T1CON                         (abs)        000FCD
_T1CONbits                     (abs)        000FCD
_T2CON                         (abs)        000FCA
_T2CONbits                     (abs)        000FCA
_TMR1H                         (abs)        000FCF
_TMR1L                         (abs)        000FCE
_TMR2                          (abs)        000FCC
_TRISA                         (abs)        000F92
_TRISAbits                     (abs)        000F92
_TRISB                         (abs)        000F93
_TRISBbits                     (abs)        000F93
_TRISC                         (abs)        000F94
_TRISCbits                     (abs)        000F94
_TRISD                         (abs)        000F95
_TXREG                         (abs)        000FAD
_TXSTAbits                     (abs)        000FAC
_UART_Initialize               text2        000A40
_UART_Write                    text12       000A8E
_UART_Write_Text               text15       0008E4
__HRAM                         (abs)        000000
__Habs1                        abs1         000000
__Hbank0                       bank0        000000
__Hbank1                       bank1        000000
__Hbank2                       bank2        000000
__Hbank3                       bank3        000000
__Hbank4                       bank4        000000
__Hbank5                       bank5        000000
__Hbigbss                      bigbss       000000
__Hbigdata                     bigdata      000000
__Hbigram                      bigram       000000
__Hbigsfr                      bigsfr       000000
__Hbss                         bss          000000
__HbssCOMRAM                   bssCOMRAM    000000
__Hcinit                       cinit        000000
__Hclrtext                     clrtext      000000
__Hcomram                      comram       000000
__Hconfig                      config       30000E
__Hconst                       const        000000
__HcstackCOMRAM                cstackCOMRAM 000000
__Hdata                        data         000000
__HdataCOMRAM                  dataCOMRAM   000000
__Heeprom_data                 eeprom_data  000000
__Hfarbss                      farbss       000000
__Hfardata                     fardata      000000
__Hheap                        heap         000000
__Hibigdata                    ibigdata     000000
__Hidata                       idata        000000
__HidataCOMRAM                 idataCOMRAM  000000
__Hidloc                       idloc        200008
__Hifardata                    ifardata     000000
__Hinit                        init         000070
__Hintcode                     intcode      00000E
__Hintcode_body                intcode_body 000000
__Hintcodelo                   intcodelo    00006C
__Hintentry                    intentry     000000
__Hintret                      intret       000000
__Hintsave_regs                intsave_regs 000000
__Hirdata                      irdata       000000
__Hmediumconst                 mediumconst  000000
__HnvFARRAM                    nvFARRAM     000000
__Hnvbit                       nvbit        000000
__Hnvrram                      nvrram       000000
__Hparam                       rparam       000000
__Hpowerup                     powerup      00006C
__Hram                         ram          000000
__Hramtop                      ramtop       000600
__Hrbit                        rbit         000000
__Hrbss                        rbss         000000
__Hrdata                       rdata        000000
__Hreset_vec                   reset_vec    000004
__Hrparam                      rparam       000000
__Hsfr                         sfr          000000
__Hsmallconst                  smallconst   000616
__Hspace_0                     (abs)        000ADA
__Hspace_1                     (abs)        000051
__Hspace_2                     (abs)        000000
__Hspace_4                     (abs)        60000E
__Hstack                       stack        000000
__Hstruct                      struct       000000
__Htemp                        temp         000051
__Htext                        text         000000
__Htext0                       text0        000000
__Htext1                       text1        000000
__Htext10                      text10       000000
__Htext11                      text11       000000
__Htext12                      text12       000000
__Htext14                      text14       000000
__Htext15                      text15       000000
__Htext16                      text16       000000
__Htext2                       text2        000000
__Htext3                       text3        000000
__Htext4                       text4        000000
__Htext5                       text5        000000
__Htext6                       text6        000000
__Htext7                       text7        000000
__Htext8                       text8        000000
__LRAM                         (abs)        000001
__Labs1                        abs1         000000
__Lbank0                       bank0        000000
__Lbank1                       bank1        000000
__Lbank2                       bank2        000000
__Lbank3                       bank3        000000
__Lbank4                       bank4        000000
__Lbank5                       bank5        000000
__Lbigbss                      bigbss       000000
__Lbigdata                     bigdata      000000
__Lbigram                      bigram       000000
__Lbigsfr                      bigsfr       000000
__Lbss                         bss          000000
__LbssCOMRAM                   bssCOMRAM    000000
__Lcinit                       cinit        000000
__Lclrtext                     clrtext      000000
__Lcomram                      comram       000000
__Lconfig                      config       000000
__Lconst                       const        000000
__LcstackCOMRAM                cstackCOMRAM 000000
__Ldata                        data         000000
__LdataCOMRAM                  dataCOMRAM   000000
__Leeprom_data                 eeprom_data  000000
__Lfarbss                      farbss       000000
__Lfardata                     fardata      000000
__Lheap                        heap         000000
__Libigdata                    ibigdata     000000
__Lidata                       idata        000000
__LidataCOMRAM                 idataCOMRAM  000000
__Lidloc                       idloc        000000
__Lifardata                    ifardata     000000
__Linit                        init         00006C
__Lintcode                     intcode      000008
__Lintcode_body                intcode_body 000000
__Lintcodelo                   intcodelo    000018
__Lintentry                    intentry     000000
__Lintret                      intret       000000
__Lintsave_regs                intsave_regs 000000
__Lirdata                      irdata       000000
__Lmediumconst                 mediumconst  000000
__LnvFARRAM                    nvFARRAM     000000
__Lnvbit                       nvbit        000000
__Lnvrram                      nvrram       000000
__Lparam                       rparam       000000
__Lpowerup                     powerup      00006C
__Lram                         ram          000000
__Lramtop                      ramtop       000600
__Lrbit                        rbit         000000
__Lrbss                        rbss         000000
__Lrdata                       rdata        000000
__Lreset_vec                   reset_vec    000000
__Lrparam                      rparam       000000
__Lsfr                         sfr          000000
__Lsmallconst                  smallconst   000600
__Lspace_0                     (abs)        000000
__Lspace_1                     (abs)        000000
__Lspace_2                     (abs)        000000
__Lspace_4                     (abs)        000000
__Lstack                       stack        000000
__Lstruct                      struct       000000
__Ltemp                        temp         000050
__Ltext                        text         000000
__Ltext0                       text0        000000
__Ltext1                       text1        000000
__Ltext10                      text10       000000
__Ltext11                      text11       000000
__Ltext12                      text12       000000
__Ltext14                      text14       000000
__Ltext15                      text15       000000
__Ltext16                      text16       000000
__Ltext2                       text2        000000
__Ltext3                       text3        000000
__Ltext4                       text4        000000
__Ltext5                       text5        000000
__Ltext6                       text6        000000
__Ltext7                       text7        000000
__Ltext8                       text8        000000
__S0                           (abs)        000ADA
__S1                           (abs)        000051
__S4                           (abs)        000000
__S5                           (abs)        000000
___awmod                       text11       000766
___awmod@counter               cstackCOMRAM 000040
___awmod@dividend              cstackCOMRAM 00003C
___awmod@divisor               cstackCOMRAM 00003E
___awmod@sign                  cstackCOMRAM 000041
___heap_hi                     (abs)        000000
___heap_lo                     (abs)        000000
___inthi_sp                    stack        000000
___intlo_sp                    stack        000000
___param_bank                  (abs)        000000
___rparam_used                 (abs)        000001
___sp                          stack        000000
__accesstop                    (abs)        000080
__activetblptr                 (abs)        000001
__end_of_ADC_Initialize        text6        000A8E
__end_of_CCP1_Initialize       text5        000AC6
__end_of_ClearBuffer           text8        0009C6
__end_of_Hi_ISR                intcode_body 000766
__end_of_INTERRUPT_Initialize  text4        000AD6
__end_of_Lo_ISR                intcodelo    00006C
__end_of_MyusartRead           text10       00087E
__end_of_OSCILLATOR_Initialize text3        000ACE
__end_of_PWM_initialize        text7        000A40
__end_of_SYSTEM_Initialize     text1        000A78
__end_of_UART_Initialize       text2        000A62
__end_of_UART_Write            text12       000AA4
__end_of_UART_Write_Text       text15       00093A
__end_of___awmod               text11       000816
__end_of__initialization       cinit        0009F2
__end_of_delay                 text14       000984
__end_of_main                  text0        0008E4
__end_ofi2_UART_Write          text16       000ABA
__initialization               cinit        0009C6
__mediumconst                  mediumconst  000000
__pbssCOMRAM                   bssCOMRAM    000001
__pcinit                       cinit        0009C6
__pcstackCOMRAM                cstackCOMRAM 00002B
__pdataCOMRAM                  dataCOMRAM   00004C
__pidataCOMRAM                 idataCOMRAM  000AD6
__pintcode                     intcode      000008
__pintcode_body                intcode_body 000616
__pintcodelo                   intcodelo    000018
__psmallconst                  smallconst   000600
__ptext0                       text0        00087E
__ptext1                       text1        000A62
__ptext10                      text10       000816
__ptext11                      text11       000766
__ptext12                      text12       000A8E
__ptext14                      text14       00093A
__ptext15                      text15       0008E4
__ptext16                      text16       000AA4
__ptext2                       text2        000A40
__ptext3                       text3        000AC6
__ptext4                       text4        000ACE
__ptext5                       text5        000ABA
__ptext6                       text6        000A78
__ptext7                       text7        000A04
__ptext8                       text8        000984
__ramtop                       ramtop       000600
__smallconst                   smallconst   000600
_count                         dataCOMRAM   00004C
_delay                         text14       00093A
_lenStr                        bssCOMRAM    000015
_main                          text0        00087E
_mystring                      bssCOMRAM    000017
_n                             dataCOMRAM   00004E
_str                           bssCOMRAM    000001
btemp                          temp         000050
delay@i                        cstackCOMRAM 00002D
delay@j                        cstackCOMRAM 00002F
delay@val                      cstackCOMRAM 00002B
end_of_initialization          cinit        0009F2
i2UART_Write@data              cstackCOMRAM 00002B
i2_UART_Write                  text16       000AA4
int$flags                      temp         000050
int_func                       intcode_body 000616
intlevel0                      text         000000
intlevel1                      text         000000
intlevel2                      text         000000
intlevel3                      text         000000
isa$std                        (abs)        000001
isa$xinst                      (abs)        000000
stackhi                        (abs)        000000
stacklo                        (abs)        000000
start                          init         00006C
start_initialization           cinit        0009C6
ttemp5                         temp         000051
ttemp6                         temp         000054
ttemp7                         temp         000058
wtemp8                         temp         000051


MODULE INFORMATION

Module		Function		Class		Link	Load	Size
setting_hardaware/interrupt_manager.c
		_INTERRUPT_Initialize		CODE           	0ACE	0000	8

setting_hardaware/interrupt_manager.c estimated size: 8

setting_hardaware/uart.c
		_Lo_ISR        		CODE           	0018	0000	84
		_MyusartRead   		CODE           	0816	0000	104
		_UART_Write_Text		CODE           	08E4	0000	86
		_ClearBuffer   		CODE           	0984	0000	66
		_UART_Initialize		CODE           	0A40	0000	34
		_UART_Write    		CODE           	0A8E	0000	22

setting_hardaware/uart.c estimated size: 396

setting_hardaware/ccp1.c
		_CCP1_Initialize		CODE           	0ABA	0000	12

setting_hardaware/ccp1.c estimated size: 12

setting_hardaware/adc.c
		_ADC_Initialize		CODE           	0A78	0000	22

setting_hardaware/adc.c estimated size: 22

shared
		i2_UART_Write  		CODE           	0AA4	0000	22
		__initialization		CODE           	09C6	0000	44

shared estimated size: 66

setting_hardaware/setting.c
		_OSCILLATOR_Initialize		CODE           	0AC6	0000	8
		_SYSTEM_Initialize		CODE           	0A62	0000	22

setting_hardaware/setting.c estimated size: 30

C:\Program Files\Microchip\xc8\v2.40\pic\sources\c99\common\awmod.c
		___awmod       		CODE           	0766	0000	176

C:\Program Files\Microchip\xc8\v2.40\pic\sources\c99\common\awmod.c estimated size: 176

main.c
		_delay         		CODE           	093A	0000	74
		_main          		CODE           	087E	0000	102
		_PWM_initialize		CODE           	0A04	0000	60
		_Hi_ISR        		CODE           	0008	0000	342

main.c estimated size: 578

